
> hexlura@0.1.0 build
> next build

  Ôû▓ Next.js 14.2.35
  - Environments: .env.local

node.exe : 
At line:1 char:1
+ & "C:\Program Files\nodejs/node.exe" "C:\Program 
Files\nodejs/node_mo ...
+ ~~~~~~~~~~~~~~~~~~~~~~~~~~~~~~~~~~~~~~~~~~~~~~~~~~~~~
~~~~~~~~~~~~~~~~
    + CategoryInfo          : NotSpecified: (:String)  
   [], RemoteException
    + FullyQualifiedErrorId : NativeCommandError
 
> Build error occurred
Error: You cannot use different slug names for the 
same dynamic path ('id' !== 'slug').
    at handleSlug (C:\Users\PC\.gemini\antigravity\scra
tch\hexlura\node_modules\next\dist\shared\lib\router\ut
ils\sorted-routes.js:94:31)
    at UrlNode._insert (C:\Users\PC\.gemini\antigravity
\scratch\hexlura\node_modules\next\dist\shared\lib\rout
er\utils\sorted-routes.js:131:17)
    at UrlNode._insert (C:\Users\PC\.gemini\antigravity
\scratch\hexlura\node_modules\next\dist\shared\lib\rout
er\utils\sorted-routes.js:142:40)
    at UrlNode.insert (C:\Users\PC\.gemini\antigravity\
scratch\hexlura\node_modules\next\dist\shared\lib\route
r\utils\sorted-routes.js:13:14)
    at C:\Users\PC\.gemini\antigravity\scratch\hexlura\
node_modules\next\dist\shared\lib\router\utils\sorted-r
outes.js:165:46
    at Array.forEach (<anonymous>)
    at getSortedRoutes (C:\Users\PC\.gemini\antigravity
\scratch\hexlura\node_modules\next\dist\shared\lib\rout
er\utils\sorted-routes.js:165:21)
    at C:\Users\PC\.gemini\antigravity\scratch\hexlura\
node_modules\next\dist\build\index.js:625:65
    at Span.traceFn (C:\Users\PC\.gemini\antigravity\sc
ratch\hexlura\node_modules\next\dist\trace\trace.js:147
:20)
    at C:\Users\PC\.gemini\antigravity\scratch\hexlura\
node_modules\next\dist\build\index.js:624:89
